[www.auroracheats.com/index.html]
[backblue.gif]
[fade.gif]
[index.html]
[www.auroracheats.com/wp-content/plugins/divi-switch/switch-style5010.css]
[www.auroracheats.com/wp-content/plugins/dwd-aio-module-extended-plugin/css/dwd-perky-animate5010.css]
[www.auroracheats.com/wp-content/plugins/dwd-aio-module-extended-plugin/css/imagehover5010.css]
[www.auroracheats.com/wp-content/plugins/dwd-custom-fullwidth-header-extended/public/css/dwd-fullwidth-header1c12.css]
[www.auroracheats.com/wp-content/plugins/dwd-custom-fullwidth-header-extended/public/css/animate5010.css]
[www.auroracheats.com/wp-content/plugins/wp-postratings/css/postratings-css1098.css]
[www.auroracheats.com/wp-content/plugins/monarch/css/style370e.css]
[www.auroracheats.com/wp-content/themes/Divi/styleb12b.css]
[www.auroracheats.com/wp-includes/css/dashicons.min5010.css]
[www.auroracheats.com/wp-includes/js/jquery/jqueryb8ff.js]
[www.auroracheats.com/wp-includes/js/jquery/jquery-migrate.min330a.js]
[www.auroracheats.com/feed/index.html]
[www.auroracheats.com/xmlrpc0db0.php]
[www.auroracheats.com/wp-includes/wlwmanifest.xml]
[www.auroracheats.com/comments/feed/index.html]
[www.auroracheats.com/wp-json/index.html]
[www.auroracheats.com/wp-json/oembed/1.0/embed5d49.json]
[www.auroracheats.com/wp-json/oembed/1.0/embed7849]
[www.auroracheats.com/wp-content/uploads/2017/12/Untitled-1.png]
[www.auroracheats.com/wp-content/uploads/2017/12/cropped-Untitled-1-32x32.png]
[www.auroracheats.com/wp-content/uploads/2017/12/cropped-Untitled-1-192x192.png]
[www.auroracheats.com/wp-content/uploads/2017/12/cropped-Untitled-1-180x180.png]
[www.auroracheats.com/wp-content/cache/et/170/et-core-unified-15320807046715.min.css]
[www.auroracheats.com/wp-content/uploads/2017/12/Untitled-3.png]
[www.auroracheats.com/wp-content/uploads/2018/04/Free-Gift-Cards.png]
[www.auroracheats.com/wp-content/uploads/2018/04/AuroraCheats-Free-Gift-Cards-Logo.png]
[www.auroracheats.com/wp-content/uploads/2018/04/Free-Amazon-Gift-Card.jpg]
[www.auroracheats.com/wp-content/uploads/2018/04/Free-PlayStation-Plus-Codes.jpg]
[www.auroracheats.com/about/index.html]
[www.auroracheats.com/contact/index.html]
[www.auroracheats.com/free-ebay-gift-cards/index.html]
[www.auroracheats.com/free-playstation-plus-codes/index.html]
[www.auroracheats.com/wp-content/uploads/2018/04/Free-PSN-Gift-Cards.jpg]
[www.auroracheats.com/wp-content/uploads/2018/04/Free-iTunes-Gift-Cards.jpg]
[www.auroracheats.com/free-google-play-gift-cards/index.html]
[www.auroracheats.com/free-nintendo-eshop-codes/index.html]
[www.auroracheats.com/free-amazon-gift-cards/index.html]
[www.auroracheats.com/free-steam-wallet-codes/index.html]
[www.auroracheats.com/free-xbox-gift-cards/index.html]
[www.auroracheats.com/free-psn-codes/index.html]
[www.auroracheats.com/wp-content/uploads/2018/04/Free-Xbox-Codes.jpg]
[www.auroracheats.com/wp-content/uploads/2018/04/Free-Steam-Wallet-Codes.jpg]
[www.auroracheats.com/wp-content/uploads/2018/04/Free-GOogle-Play-Gift-Cards.jpg]
[www.auroracheats.com/wp-content/uploads/2018/04/Free-Nintendo-eshop-gift-cards.jpg]
[www.auroracheats.com/wp-content/uploads/2018/04/Free-eBay-Gift-Cards.jpg]
[www.auroracheats.com/wp-content/uploads/2017/12/Free-Steam-Wallet-Codes-2018-Siege.jpg]
[www.auroracheats.com/wp-content/uploads/2017/12/Free-Steam-hack-2018-Call-of-Duty-WW2.jpg]
[www.auroracheats.com/wp-content/plugins/dwd-aio-module-extended-plugin/css/animate5010.css]
[www.auroracheats.com/wp-content/plugins/dwd-aio-module-extended-plugin/css/hover5010.css]
[www.auroracheats.com/wp-content/plugins/dwd-aio-module-extended-plugin/js/animation-loadc245.js]
[www.auroracheats.com/wp-content/plugins/dwd-custom-fullwidth-header-extended/public/js/dwd-fhe-custom1c12.js]
[www.auroracheats.com/wp-content/plugins/wp-postratings/images/stars/rating_over.gif]
[www.auroracheats.com/free-itunes-gift-cards/index.html]
[www.auroracheats.com/wp-content/plugins/wp-postratings/js/postratings-js1098.js]
[www.auroracheats.com/wp-content/plugins/monarch/js/idle-timer.min370e.js]
[www.auroracheats.com/wp-content/plugins/monarch/js/custom370e.js]
[www.auroracheats.com/wp-content/themes/Divi/js/custom.minb12b.js]
[www.auroracheats.com/wp-content/plugins/monarch/core/admin/js/commondb03.js]
[www.auroracheats.com/wp-includes/js/wp-embed.min5010.js]
[www.auroracheats.com/wp-content/plugins/dwd-custom-fullwidth-header-extended/public/js/typed.js]
[www.auroracheats.com/wp-content/plugins/dwd-custom-fullwidth-header-extended/public/js/dwd-typing.js]
[www.auroracheats.com/wp-content/plugins/dwd-custom-fullwidth-header-extended/public/js/particles.min.js]
[www.auroracheats.com/wp-content/plugins/dwd-custom-fullwidth-header-extended/public/js/particles-start.js]
[www.auroracheats.com/wp-content/plugins/dwd-custom-fullwidth-header-extended/public/js/animated-transparent-bg.js]
[www.auroracheats.com/wp-content/plugins/dwd-custom-fullwidth-header-extended/public/js/magnific-popup-start.js]
[www.auroracheats.com/wp-content/plugins/dwd-custom-fullwidth-header-extended/public/js/TweenMax.min.js]
[www.auroracheats.com/wp-content/plugins/dwd-custom-fullwidth-header-extended/public/js/interactive-bg.js]
[www.auroracheats.com/wp-content/plugins/dwd-custom-fullwidth-header-extended/public/js/ScrollMagic.min.js]
[www.auroracheats.com/wp-content/plugins/dwd-custom-fullwidth-header-extended/public/js/animation.gsap.js]
[www.auroracheats.com/wp-content/plugins/dwd-custom-fullwidth-header-extended/public/js/dwd-special-bg-effects.js]
[www.auroracheats.com/wp-content/plugins/dwd-aio-module-extended-plugin/js/jquery.lettering.js]
[www.auroracheats.com/wp-content/plugins/dwd-aio-module-extended-plugin/js/jquery.textillate.js]
[www.auroracheats.com/wp-content/plugins/dwd-aio-module-extended-plugin/js/textillate-start.js]
[www.auroracheats.com/wp-content/plugins/dwd-aio-module-extended-plugin/js/hover-btn.js]
[www.auroracheats.com/wp-content/plugins/dwd-aio-module-extended-plugin/js/tilt.jquery.js]
[www.auroracheats.com/wp-content/plugins/dwd-aio-module-extended-plugin/js/tilt.js]
[in.getclicky.com/101115721ns.gif]
[www.auroracheats.com/index.html]
[www.auroracheats.com/xmlrpc.php]
[www.auroracheats.com/wp-content/plugins/divi-switch/switch-style5010.css]
[www.auroracheats.com/wp-content/plugins/dwd-aio-module-extended-plugin/css/dwd-perky-animate5010.css]
[www.auroracheats.com/wp-content/plugins/dwd-aio-module-extended-plugin/css/imagehover5010.css]
[www.auroracheats.com/wp-content/plugins/dwd-custom-fullwidth-header-extended/public/css/dwd-fullwidth-header1c12.css]
[www.auroracheats.com/wp-content/plugins/dwd-custom-fullwidth-header-extended/public/css/animate5010.css]
[www.auroracheats.com/wp-content/plugins/wp-postratings/css/postratings-css1098.css]
[www.auroracheats.com/wp-content/plugins/monarch/css/fonts/monarch.eot]
[www.auroracheats.com/wp-content/plugins/monarch/css/fonts/monarchd41d.eot]
[www.auroracheats.com/wp-content/plugins/monarch/css/fonts/monarch.ttf]
[www.auroracheats.com/wp-content/plugins/monarch/css/fonts/monarch.woff]
[www.auroracheats.com/wp-content/plugins/monarch/css/style370e.css]
[www.auroracheats.com/wp-content/plugins/monarch/css/fonts/monarch.svg]
[www.auroracheats.com/wp-content/themes/Divi/core/admin/fonts/modules.eot]
[www.auroracheats.com/wp-content/themes/Divi/core/admin/fonts/modulesd41d.eot]
[www.auroracheats.com/wp-content/themes/Divi/core/admin/fonts/modules.ttf]
[www.auroracheats.com/wp-content/themes/Divi/core/admin/fonts/modules.woff]
[www.auroracheats.com/wp-content/themes/Divi/core/admin/fonts/modules.svg]
[www.auroracheats.com/wp-content/themes/Divi/includes/builder/styles/images/subscribe-loader.gif]
[www.auroracheats.com/wp-content/themes/Divi/includes/builder/styles/images/preloader.gif]
[www.auroracheats.com/wp-content/themes/Divi/epanel/shortcodes/images/shortcodes-sprite.png]
[www.auroracheats.com/wp-content/themes/Divi/styleb12b.css]
[www.auroracheats.com/wp-includes/css/dashicons.min5010.css]
[www.auroracheats.com/wp-content/plugins/maxbuttons/js/min/frontd5a8.js]
[www.auroracheats.com/wp-includes/fonts/dashicons.eot]
[www.auroracheats.com/wp-content/uploads/2018/04/Free-Gift-Card-Generator-Header.jpg]
[www.auroracheats.com/wp-content/cache/et/170/et-core-unified-15320807046715.min.css]
[www.auroracheats.com/wp-json/oembed/1.0/embed8472.json]
[www.auroracheats.com/wp-json/oembed/1.0/embedcc3e]
[www.auroracheats.com/wp-content/cache/et/global/et-divi-customizer-global-15320820727059.min.css]
[www.auroracheats.com/about/index.html]
[www.auroracheats.com/wp-login.html]
[www.auroracheats.com/wp-json/oembed/1.0/embedc30b.json]
[www.auroracheats.com/contact/index.html]
[www.auroracheats.com/wp-json/oembed/1.0/embed0d5d]
[www.auroracheats.com/wp-json/oembed/1.0/embed22d0.json]
[www.auroracheats.com/wp-json/oembed/1.0/embed3ed7]
[www.auroracheats.com/wp-content/cache/et/302/et-core-unified-15320807230268.min.css]
[www.auroracheats.com/wp-content/uploads/2018/04/Free-eBay-Gift-Card-1.png]
[www.auroracheats.com/wp-content/plugins/wp-postratings/images/stars/rating_on.gif]
[www.auroracheats.com/wp-content/plugins/wp-postratings/images/stars/rating_half.gif]
[www.auroracheats.com/wp-content/uploads/2018/04/Free-eBay-Gift-Cards-150x150.jpg]
[www.auroracheats.com/wp-content/plugins/wp-postratings/images/loading.gif]
[www.auroracheats.com/free-ebay-gift-cards/index.html]
[www.auroracheats.com/like-share-ebay/index.html]
[www.auroracheats.com/wp-json/oembed/1.0/embed90a8.json]
[www.auroracheats.com/wp-json/oembed/1.0/embed3257]
[www.auroracheats.com/wp-content/cache/et/296/et-core-unified-15320807212572.min.css]
[www.auroracheats.com/wp-content/uploads/2018/04/Free-PlayStation-Plus-Codes-1.png]
[www.auroracheats.com/wp-content/uploads/2018/04/Free-PlayStation-Plus-Codes-150x150.jpg]
[www.auroracheats.com/free-playstation-plus-codes/index.html]
[www.auroracheats.com/like-share-ps-plus/index.html]
[www.auroracheats.com/wp-json/oembed/1.0/embed6e02.json]
[www.auroracheats.com/wp-json/oembed/1.0/embed04e5]
[www.auroracheats.com/wp-content/cache/et/294/et-core-unified-15320807166403.min.css]
[www.auroracheats.com/wp-content/uploads/2018/04/Free-Google-Play-Gift-Card-1.png]
[www.auroracheats.com/wp-content/uploads/2018/04/Free-GOogle-Play-Gift-Cards-150x150.jpg]
[www.auroracheats.com/free-google-play-gift-cards/index.html]
[www.auroracheats.com/like-share-google/index.html]
[www.auroracheats.com/wp-json/oembed/1.0/embedb5be.json]
[www.auroracheats.com/wp-json/oembed/1.0/embed0389]
[www.auroracheats.com/wp-content/cache/et/289/et-core-unified-153208071846.min.css]
[www.auroracheats.com/wp-content/uploads/2018/04/Free-Nintendo-eShop-Gift-Card-1.png]
[www.auroracheats.com/wp-content/uploads/2018/04/Free-Nintendo-eshop-gift-cards-150x150.jpg]
[www.auroracheats.com/free-nintendo-eshop-codes/index.html]
[www.auroracheats.com/like-share-nintendo/index.html]
[www.auroracheats.com/wp-json/oembed/1.0/embed250f.json]
[www.auroracheats.com/wp-json/oembed/1.0/embed4aa5]
[www.auroracheats.com/wp-content/cache/et/285/et-core-unified-15320805758048.min.css]
[www.auroracheats.com/wp-content/uploads/2018/04/Free-Amazon-Gift-Card-1.png]
[www.auroracheats.com/wp-content/uploads/2018/04/Free-Amazon-Gift-Card-150x150.jpg]
[www.auroracheats.com/free-amazon-gift-cards/index.html]
[www.auroracheats.com/like-share-amazon/index.html]
[www.auroracheats.com/wp-json/oembed/1.0/embed46a5.json]
[www.auroracheats.com/wp-json/oembed/1.0/embed174f]
[www.auroracheats.com/wp-content/cache/et/282/et-core-unified-15320807191539.min.css]
[www.auroracheats.com/wp-content/uploads/2018/04/Free-Xbox-Live-Gift-Card-1.png]
[www.auroracheats.com/wp-content/uploads/2018/04/Free-Xbox-Codes-150x150.jpg]
[www.auroracheats.com/free-xbox-gift-cards/index.html]
[www.auroracheats.com/like-share-xbox/index.html]
[www.auroracheats.com/wp-json/oembed/1.0/embed2508.json]
[www.auroracheats.com/wp-json/oembed/1.0/embed414c]
[www.auroracheats.com/wp-content/cache/et/280/et-core-unified-15320807226184.min.css]
[www.auroracheats.com/wp-content/uploads/2018/04/Free-Steam-Wallet-Codes-1.png]
[www.auroracheats.com/wp-content/uploads/2018/04/Free-Steam-Wallet-Codes-150x150.jpg]
[www.auroracheats.com/free-steam-wallet-codes/index.html]
[www.auroracheats.com/wp-json/oembed/1.0/embedb509.json]
[www.auroracheats.com/like-share-steam/index.html]
[www.auroracheats.com/wp-json/oembed/1.0/embed0d0c]
[www.auroracheats.com/wp-content/cache/et/248/et-core-unified-15320807214294.min.css]
[www.auroracheats.com/wp-content/uploads/2018/04/Free-PSN-Gift-Card-1.png]
[www.auroracheats.com/wp-content/uploads/2018/04/Free-PSN-Gift-Card.png]
[www.auroracheats.com/wp-content/uploads/2018/04/Free-PSN-Gift-Cards-150x150.jpg]
[www.auroracheats.com/free-psn-codes/index.html]
[www.auroracheats.com/wp-json/oembed/1.0/embed7099.json]
[www.auroracheats.com/like-share-psn-codes/index.html]
[www.auroracheats.com/wp-json/oembed/1.0/embed63d0]
[www.auroracheats.com/wp-content/cache/et/218/et-core-unified-15320807168675.min.css]
[www.auroracheats.com/wp-content/uploads/2018/04/Free-iTunes-Gift-Card.png]
[www.auroracheats.com/wp-content/uploads/2018/04/Free-iTunes-Gift-Cards-150x150.jpg]
[www.auroracheats.com/free-itunes-gift-cards/index.html]
[www.auroracheats.com/wp-content/plugins/dwd-aio-module-extended-plugin/css/animate5010.css]
[www.auroracheats.com/wp-content/plugins/dwd-aio-module-extended-plugin/css/hover5010.css]
[www.auroracheats.com/wp-content/plugins/monarch/css/fonts/monarch.svg]
[www.auroracheats.com/wp-content/themes/Divi/core/admin/fonts/modules.svg]
[www.auroracheats.com/index146c.html]
[www.auroracheats.com/wp-content/cache/et/global/et-divi-customizer-global-15320820727059.min.css]
[www.auroracheats.com/like-share-itunes/index.html]
[www.auroracheats.com/wp-admin/load-styles6c4d.css]
[www.auroracheats.com/wp-login.html]
[www.auroracheats.com/index48fd.html]
[www.auroracheats.com/index52e8.html]
[www.auroracheats.com/wp-content/cache/et/302/et-core-unified-15320807230268.min.css]
[www.auroracheats.com/like-share-ebay/index.html]
[www.auroracheats.com/index3e8e.html]
[www.auroracheats.com/wp-content/cache/et/296/et-core-unified-15320807212572.min.css]
[www.auroracheats.com/like-share-ps-plus/index.html]
[www.auroracheats.com/indexe2aa.html]
[www.auroracheats.com/wp-content/cache/et/294/et-core-unified-15320807166403.min.css]
[www.auroracheats.com/like-share-google/index.html]
[www.auroracheats.com/index8902.html]
[www.auroracheats.com/wp-content/cache/et/289/et-core-unified-153208071846.min.css]
[www.auroracheats.com/like-share-nintendo/index.html]
[www.auroracheats.com/indexd0b8.html]
[www.auroracheats.com/wp-content/cache/et/285/et-core-unified-15320805758048.min.css]
[www.auroracheats.com/like-share-amazon/index.html]
[www.auroracheats.com/indexa8da.html]
[www.auroracheats.com/wp-content/cache/et/282/et-core-unified-15320807191539.min.css]
[www.auroracheats.com/like-share-xbox/index.html]
[www.auroracheats.com/index90dd.html]
[www.auroracheats.com/wp-content/cache/et/280/et-core-unified-15320807226184.min.css]
[www.auroracheats.com/like-share-steam/index.html]
[www.auroracheats.com/indexcf9a.html]
[www.auroracheats.com/wp-content/cache/et/248/et-core-unified-15320807214294.min.css]
[www.auroracheats.com/like-share-psn-codes/index.html]
[www.auroracheats.com/index5034.html]
[www.auroracheats.com/wp-content/cache/et/218/et-core-unified-15320807168675.min.css]
[www.auroracheats.com/like-share-itunes/index.html]
[www.auroracheats.com/wp-loginc2b6.html]
[www.auroracheats.com/wp-admin/images/loading.gif]
[www.auroracheats.com/wp-admin/images/w-logo-blue7a53.png]
[www.auroracheats.com/wp-admin/load-styles6c4d.css]
[www.auroracheats.com/wp-loginc2b6.html]
[www.auroracheats.com/wp-admin/images/wordpress-logo7d6b.svg]
[www.auroracheats.com/wp-admin/images/wordpress-logo7d6b.svg]
